[backblue.gif]
[fade.gif]
[index.html]
[kec.cz/tartaros/steamengine/uploads/Keirs packet guide/www.kairtech.com/uo/info/shared/check.gif]
[kec.cz/tartaros/steamengine/uploads/Keirs packet guide/www.kairtech.com/uo/info/index.html]
[kec.cz/tartaros/steamengine/uploads/Keirs packet guide/www.kairtech.com/uo/info/shared/style.css]
[kec.cz/tartaros/steamengine/uploads/Keirs packet guide/www.kairtech.com/uo/info/help.htm]
[kec.cz/tartaros/steamengine/uploads/Keirs packet guide/www.kairtech.com/uo/info/seed.htm]
[kec.cz/tartaros/steamengine/uploads/Keirs packet guide/www.kairtech.com/uo/info/packet00.htm]
[kec.cz/tartaros/steamengine/uploads/Keirs packet guide/www.kairtech.com/uo/info/packet01.htm]
[kec.cz/tartaros/steamengine/uploads/Keirs packet guide/www.kairtech.com/uo/info/packet02.htm]
[kec.cz/tartaros/steamengine/uploads/Keirs packet guide/www.kairtech.com/uo/info/packet04.htm]
[kec.cz/tartaros/steamengine/uploads/Keirs packet guide/www.kairtech.com/uo/info/packet05.htm]
[kec.cz/tartaros/steamengine/uploads/Keirs packet guide/www.kairtech.com/uo/info/packet06.htm]
[kec.cz/tartaros/steamengine/uploads/Keirs packet guide/www.kairtech.com/uo/info/packet07.htm]
[kec.cz/tartaros/steamengine/uploads/Keirs packet guide/www.kairtech.com/uo/info/packet08.htm]
[kec.cz/tartaros/steamengine/uploads/Keirs packet guide/www.kairtech.com/uo/info/packet09.htm]
[kec.cz/tartaros/steamengine/uploads/Keirs packet guide/www.kairtech.com/uo/info/packet0a.htm]
[kec.cz/tartaros/steamengine/uploads/Keirs packet guide/www.kairtech.com/uo/info/packet0c.htm]
[kec.cz/tartaros/steamengine/uploads/Keirs packet guide/www.kairtech.com/uo/info/packet11.htm]
[kec.cz/tartaros/steamengine/uploads/Keirs packet guide/www.kairtech.com/uo/info/packet12.htm]
[kec.cz/tartaros/steamengine/uploads/Keirs packet guide/www.kairtech.com/uo/info/packet13.htm]
[kec.cz/tartaros/steamengine/uploads/Keirs packet guide/www.kairtech.com/uo/info/packet14.htm]
[kec.cz/tartaros/steamengine/uploads/Keirs packet guide/www.kairtech.com/uo/info/packet15.htm]
[kec.cz/tartaros/steamengine/uploads/Keirs packet guide/www.kairtech.com/uo/info/packet1a.htm]
[kec.cz/tartaros/steamengine/uploads/Keirs packet guide/www.kairtech.com/uo/info/packet1b.htm]
[kec.cz/tartaros/steamengine/uploads/Keirs packet guide/www.kairtech.com/uo/info/packet1c.htm]
[kec.cz/tartaros/steamengine/uploads/Keirs packet guide/www.kairtech.com/uo/info/packet1d.htm]
[kec.cz/tartaros/steamengine/uploads/Keirs packet guide/www.kairtech.com/uo/info/packet20.htm]
[kec.cz/tartaros/steamengine/uploads/Keirs packet guide/www.kairtech.com/uo/info/packet21.htm]
[kec.cz/tartaros/steamengine/uploads/Keirs packet guide/www.kairtech.com/uo/info/packet22.htm]
[kec.cz/tartaros/steamengine/uploads/Keirs packet guide/www.kairtech.com/uo/info/packet23.htm]
[kec.cz/tartaros/steamengine/uploads/Keirs packet guide/www.kairtech.com/uo/info/packet24.htm]
[kec.cz/tartaros/steamengine/uploads/Keirs packet guide/www.kairtech.com/uo/info/packet25.htm]
[kec.cz/tartaros/steamengine/uploads/Keirs packet guide/www.kairtech.com/uo/info/packet27.htm]
[kec.cz/tartaros/steamengine/uploads/Keirs packet guide/www.kairtech.com/uo/info/packet2b.htm]
[kec.cz/tartaros/steamengine/uploads/Keirs packet guide/www.kairtech.com/uo/info/packet2e.htm]
[kec.cz/tartaros/steamengine/uploads/Keirs packet guide/www.kairtech.com/uo/info/packet2f.htm]
[kec.cz/tartaros/steamengine/uploads/Keirs packet guide/www.kairtech.com/uo/info/packet32.htm]
[kec.cz/tartaros/steamengine/uploads/Keirs packet guide/www.kairtech.com/uo/info/packet34.htm]
[kec.cz/tartaros/steamengine/uploads/Keirs packet guide/www.kairtech.com/uo/info/packet35.htm]
[kec.cz/tartaros/steamengine/uploads/Keirs packet guide/www.kairtech.com/uo/info/packet37.htm]
[kec.cz/tartaros/steamengine/uploads/Keirs packet guide/www.kairtech.com/uo/info/packet39.htm]
[kec.cz/tartaros/steamengine/uploads/Keirs packet guide/www.kairtech.com/uo/info/packet3a.htm]
[kec.cz/tartaros/steamengine/uploads/Keirs packet guide/www.kairtech.com/uo/info/packet3b.htm]
[kec.cz/tartaros/steamengine/uploads/Keirs packet guide/www.kairtech.com/uo/info/packet3c.htm]
[kec.cz/tartaros/steamengine/uploads/Keirs packet guide/www.kairtech.com/uo/info/packet3e.htm]
[kec.cz/tartaros/steamengine/uploads/Keirs packet guide/www.kairtech.com/uo/info/packet3f.htm]
[kec.cz/tartaros/steamengine/uploads/Keirs packet guide/www.kairtech.com/uo/info/packet40.htm]
[kec.cz/tartaros/steamengine/uploads/Keirs packet guide/www.kairtech.com/uo/info/packet47.htm]
[kec.cz/tartaros/steamengine/uploads/Keirs packet guide/www.kairtech.com/uo/info/packet4e.htm]
[kec.cz/tartaros/steamengine/uploads/Keirs packet guide/www.kairtech.com/uo/info/packet4f.htm]
[kec.cz/tartaros/steamengine/uploads/Keirs packet guide/www.kairtech.com/uo/info/packet53.htm]
[kec.cz/tartaros/steamengine/uploads/Keirs packet guide/www.kairtech.com/uo/info/packet54.htm]
[kec.cz/tartaros/steamengine/uploads/Keirs packet guide/www.kairtech.com/uo/info/packet55.htm]
[kec.cz/tartaros/steamengine/uploads/Keirs packet guide/www.kairtech.com/uo/info/packet56.htm]
[kec.cz/tartaros/steamengine/uploads/Keirs packet guide/www.kairtech.com/uo/info/packet5b.htm]
[kec.cz/tartaros/steamengine/uploads/Keirs packet guide/www.kairtech.com/uo/info/packet5d.htm]
[kec.cz/tartaros/steamengine/uploads/Keirs packet guide/www.kairtech.com/uo/info/packet61.htm]
[kec.cz/tartaros/steamengine/uploads/Keirs packet guide/www.kairtech.com/uo/info/packet62.htm]
[kec.cz/tartaros/steamengine/uploads/Keirs packet guide/www.kairtech.com/uo/info/packet65.htm]
[kec.cz/tartaros/steamengine/uploads/Keirs packet guide/www.kairtech.com/uo/info/packet66.htm]
[kec.cz/tartaros/steamengine/uploads/Keirs packet guide/www.kairtech.com/uo/info/packet6c.htm]
[kec.cz/tartaros/steamengine/uploads/Keirs packet guide/www.kairtech.com/uo/info/packet6d.htm]
[kec.cz/tartaros/steamengine/uploads/Keirs packet guide/www.kairtech.com/uo/info/packet6e.htm]
[kec.cz/tartaros/steamengine/uploads/Keirs packet guide/www.kairtech.com/uo/info/packet71.htm]
[kec.cz/tartaros/steamengine/uploads/Keirs packet guide/www.kairtech.com/uo/info/packet72.htm]
[kec.cz/tartaros/steamengine/uploads/Keirs packet guide/www.kairtech.com/uo/info/packet73.htm]
[kec.cz/tartaros/steamengine/uploads/Keirs packet guide/www.kairtech.com/uo/info/packet74.htm]
[kec.cz/tartaros/steamengine/uploads/Keirs packet guide/www.kairtech.com/uo/info/packet75.htm]
[kec.cz/tartaros/steamengine/uploads/Keirs packet guide/www.kairtech.com/uo/info/packet77.htm]
[kec.cz/tartaros/steamengine/uploads/Keirs packet guide/www.kairtech.com/uo/info/packet78.htm]
[kec.cz/tartaros/steamengine/uploads/Keirs packet guide/www.kairtech.com/uo/info/packet7c.htm]
[kec.cz/tartaros/steamengine/uploads/Keirs packet guide/www.kairtech.com/uo/info/packet7d.htm]
[kec.cz/tartaros/steamengine/uploads/Keirs packet guide/www.kairtech.com/uo/info/packet80.htm]
[kec.cz/tartaros/steamengine/uploads/Keirs packet guide/www.kairtech.com/uo/info/packet82.htm]
[kec.cz/tartaros/steamengine/uploads/Keirs packet guide/www.kairtech.com/uo/info/packet83.htm]
[kec.cz/tartaros/steamengine/uploads/Keirs packet guide/www.kairtech.com/uo/info/packet85.htm]
[kec.cz/tartaros/steamengine/uploads/Keirs packet guide/www.kairtech.com/uo/info/packet86.htm]
[kec.cz/tartaros/steamengine/uploads/Keirs packet guide/www.kairtech.com/uo/info/packet88.htm]
[kec.cz/tartaros/steamengine/uploads/Keirs packet guide/www.kairtech.com/uo/info/packet89.htm]
[kec.cz/tartaros/steamengine/uploads/Keirs packet guide/www.kairtech.com/uo/info/packet8c.htm]
[kec.cz/tartaros/steamengine/uploads/Keirs packet guide/www.kairtech.com/uo/info/packet90.htm]
[kec.cz/tartaros/steamengine/uploads/Keirs packet guide/www.kairtech.com/uo/info/packet91.htm]
[kec.cz/tartaros/steamengine/uploads/Keirs packet guide/www.kairtech.com/uo/info/packet93.htm]
[kec.cz/tartaros/steamengine/uploads/Keirs packet guide/www.kairtech.com/uo/info/packet95.htm]
[kec.cz/tartaros/steamengine/uploads/Keirs packet guide/www.kairtech.com/uo/info/packet97.htm]
[kec.cz/tartaros/steamengine/uploads/Keirs packet guide/www.kairtech.com/uo/info/packet98.htm]
[kec.cz/tartaros/steamengine/uploads/Keirs packet guide/www.kairtech.com/uo/info/packet99.htm]
[kec.cz/tartaros/steamengine/uploads/Keirs packet guide/www.kairtech.com/uo/info/packet9a.htm]
[kec.cz/tartaros/steamengine/uploads/Keirs packet guide/www.kairtech.com/uo/info/packet9b.htm]
[kec.cz/tartaros/steamengine/uploads/Keirs packet guide/www.kairtech.com/uo/info/packet9e.htm]
[kec.cz/tartaros/steamengine/uploads/Keirs packet guide/www.kairtech.com/uo/info/packet9f.htm]
[kec.cz/tartaros/steamengine/uploads/Keirs packet guide/www.kairtech.com/uo/info/packeta0.htm]
[kec.cz/tartaros/steamengine/uploads/Keirs packet guide/www.kairtech.com/uo/info/packeta1.htm]
[kec.cz/tartaros/steamengine/uploads/Keirs packet guide/www.kairtech.com/uo/info/packeta2.htm]
[kec.cz/tartaros/steamengine/uploads/Keirs packet guide/www.kairtech.com/uo/info/packeta3.htm]
[kec.cz/tartaros/steamengine/uploads/Keirs packet guide/www.kairtech.com/uo/info/packeta5.htm]
[kec.cz/tartaros/steamengine/uploads/Keirs packet guide/www.kairtech.com/uo/info/packeta6.htm]
[kec.cz/tartaros/steamengine/uploads/Keirs packet guide/www.kairtech.com/uo/info/packeta7.htm]
[kec.cz/tartaros/steamengine/uploads/Keirs packet guide/www.kairtech.com/uo/info/packeta8.htm]
[kec.cz/tartaros/steamengine/uploads/Keirs packet guide/www.kairtech.com/uo/info/packeta9.htm]
[kec.cz/tartaros/steamengine/uploads/Keirs packet guide/www.kairtech.com/uo/info/packetaa.htm]
[kec.cz/tartaros/steamengine/uploads/Keirs packet guide/www.kairtech.com/uo/info/packetab.htm]
[kec.cz/tartaros/steamengine/uploads/Keirs packet guide/www.kairtech.com/uo/info/packetac.htm]
[kec.cz/tartaros/steamengine/uploads/Keirs packet guide/www.kairtech.com/uo/info/packetad.htm]
[kec.cz/tartaros/steamengine/uploads/Keirs packet guide/www.kairtech.com/uo/info/packetae.htm]
[kec.cz/tartaros/steamengine/uploads/Keirs packet guide/www.kairtech.com/uo/info/packetaf.htm]
[kec.cz/tartaros/steamengine/uploads/Keirs packet guide/www.kairtech.com/uo/info/packetb0.htm]
[kec.cz/tartaros/steamengine/uploads/Keirs packet guide/www.kairtech.com/uo/info/packetb1.htm]
[kec.cz/tartaros/steamengine/uploads/Keirs packet guide/www.kairtech.com/uo/info/packetb9.htm]
[kec.cz/tartaros/steamengine/uploads/Keirs packet guide/www.kairtech.com/uo/info/packetc2.htm]
[kec.cz/tartaros/steamengine/uploads/Keirs packet guide/www.kairtech.com/uo/info/packetc3.htm]
[kec.cz/tartaros/steamengine/uploads/Keirs packet guide/www.kairtech.com/uo/info/packetc4.htm]
[kec.cz/tartaros/steamengine/uploads/Keirs packet guide/www.kairtech.com/uo/info/packetcb.htm]
[kec.cz/tartaros/steamengine/uploads/Keirs packet guide/www.kairtech.com/uo/info/packetd1.htm]
[kec.cz/tartaros/steamengine/uploads/Keirs packet guide/www.kairtech.com/uo/info/packetd2.htm]
[kec.cz/tartaros/steamengine/uploads/Keirs packet guide/www.kairtech.com/uo/info/packetd3.htm]
[kec.cz/tartaros/steamengine/uploads/Keirs packet guide/www.kairtech.com/uo/info/packetd4.htm]
[kec.cz/tartaros/steamengine/uploads/Keirs packet guide/www.kairtech.com/uo/info/packetd6.htm]
[kec.cz/tartaros/steamengine/uploads/Keirs packet guide/www.kairtech.com/uo/info/packetd7.htm]
[kec.cz/tartaros/steamengine/uploads/Keirs packet guide/www.kairtech.com/uo/info/packetd8.htm]
[kec.cz/tartaros/steamengine/uploads/Keirs packet guide/www.kairtech.com/uo/info/packetdb.htm]
[kec.cz/tartaros/steamengine/uploads/Keirs packet guide/www.kairtech.com/uo/info/CS/gender.htm]
[kec.cz/tartaros/steamengine/uploads/Keirs packet guide/www.kairtech.com/uo/info/VB7/gender.htm]
[kec.cz/tartaros/steamengine/uploads/Keirs packet guide/www.kairtech.com/uo/info/Common/skills.htm]
[kec.cz/tartaros/steamengine/uploads/Keirs packet guide/www.kairtech.com/uo/info/CS/direction.htm]
[kec.cz/tartaros/steamengine/uploads/Keirs packet guide/www.kairtech.com/uo/info/VB7/direction.htm]
[kec.cz/tartaros/steamengine/uploads/Keirs packet guide/www.kairtech.com/uo/info/CS/mobilestatus.htm]
[kec.cz/tartaros/steamengine/uploads/Keirs packet guide/www.kairtech.com/uo/info/VB7/mobilestatus.htm]
[kec.cz/tartaros/steamengine/uploads/Keirs packet guide/www.kairtech.com/uo/info/CS/layer.htm]
[kec.cz/tartaros/steamengine/uploads/Keirs packet guide/www.kairtech.com/uo/info/VB7/layer.htm]
[kec.cz/tartaros/steamengine/uploads/Keirs packet guide/www.kairtech.com/uo/info/CS/locks.htm]
[kec.cz/tartaros/steamengine/uploads/Keirs packet guide/www.kairtech.com/uo/info/VB7/locks.htm]
[kec.cz/tartaros/steamengine/uploads/Keirs packet guide/www.kairtech.com/uo/info/packet3a.client.htm]
[kec.cz/tartaros/steamengine/uploads/Keirs packet guide/www.kairtech.com/images/editserver.jpg]
[kec.cz/tartaros/steamengine/uploads/Keirs packet guide/www.kairtech.com/uo/info/godcli.htm]
[kec.cz/tartaros/steamengine/uploads/Keirs packet guide/www.kairtech.com/uo/info/Common/music.htm]
[kec.cz/tartaros/steamengine/uploads/Keirs packet guide/www.kairtech.com/uo/info/packet71.00.htm]
[kec.cz/tartaros/steamengine/uploads/Keirs packet guide/www.kairtech.com/uo/info/packet71.01.htm]
[kec.cz/tartaros/steamengine/uploads/Keirs packet guide/www.kairtech.com/uo/info/packet71.02.htm]
[kec.cz/tartaros/steamengine/uploads/Keirs packet guide/www.kairtech.com/uo/info/packet71.03.htm]
[kec.cz/tartaros/steamengine/uploads/Keirs packet guide/www.kairtech.com/uo/info/packet71.04.htm]
[kec.cz/tartaros/steamengine/uploads/Keirs packet guide/www.kairtech.com/uo/info/packet71.05.htm]
[kec.cz/tartaros/steamengine/uploads/Keirs packet guide/www.kairtech.com/uo/info/packet71.06.htm]
[kec.cz/tartaros/steamengine/uploads/Keirs packet guide/www.kairtech.com/uo/info/CS/facet.htm]
[kec.cz/tartaros/steamengine/uploads/Keirs packet guide/www.kairtech.com/uo/info/VB7/facet.htm]
[kec.cz/tartaros/steamengine/uploads/Keirs packet guide/www.kairtech.com/uo/info/CS/calltype.htm]
[kec.cz/tartaros/steamengine/uploads/Keirs packet guide/www.kairtech.com/uo/info/VB7/calltype.htm]
[kec.cz/tartaros/steamengine/uploads/Keirs packet guide/www.kairtech.com/uo/info/localization.htm]
[kec.cz/tartaros/steamengine/uploads/Keirs packet guide/www.kairtech.com/uo/info/tokens.htm]
[kec.cz/tartaros/steamengine/uploads/Keirs packet guide/www.kairtech.com/uo/info/packetd7.02.htm]
[kec.cz/tartaros/steamengine/uploads/Keirs packet guide/www.kairtech.com/uo/info/packetd7.03.htm]
[kec.cz/tartaros/steamengine/uploads/Keirs packet guide/www.kairtech.com/uo/info/packetd7.04.htm]
[kec.cz/tartaros/steamengine/uploads/Keirs packet guide/www.kairtech.com/uo/info/packetd7.05.htm]
[kec.cz/tartaros/steamengine/uploads/Keirs packet guide/www.kairtech.com/uo/info/packetd7.06.htm]
[kec.cz/tartaros/steamengine/uploads/Keirs packet guide/www.kairtech.com/uo/info/packetd7.0c.htm]
[kec.cz/tartaros/steamengine/uploads/Keirs packet guide/www.kairtech.com/uo/info/packetd7.0d.htm]
[kec.cz/tartaros/steamengine/uploads/Keirs packet guide/www.kairtech.com/uo/info/packetd7.0e.htm]
[kec.cz/tartaros/steamengine/uploads/Keirs packet guide/www.kairtech.com/uo/info/packetd7.10.htm]
[kec.cz/tartaros/steamengine/uploads/Keirs packet guide/www.kairtech.com/uo/info/packetd7.12.htm]
[kec.cz/tartaros/steamengine/uploads/Keirs packet guide/www.kairtech.com/uo/info/packetd7.19.htm]
[kec.cz/tartaros/steamengine/uploads/Keirs packet guide/www.kairtech.com/uo/info/packetd7.1a.htm]
[kec.cz/tartaros/steamengine/uploads/Keirs packet guide/www.kairtech.com/uo/info/encryption.htm]
[kec.cz/tartaros/steamengine/uploads/Keirs packet guide/www.kairtech.com/uo/info/packet70.04.htm]
[kec.cz/tartaros/steamengine/uploads/Keirs packet guide/www.kairtech.com/uo/info/cliloc-1.htm]
